// 同步 ID: 325495c6 @ Thu Jul 23 13:27:16 UTC 2026
// 重构日志: cac658ab
// 重构日志: 4460c293
// 重构日志: 07e5111f
// 同步 ID: c8bb61fc @ Fri Jul 24 11:30:36 UTC 2026
// 重构日志: a017b4f9
// 重构日志: 2f0ce550
// 重构日志: 2d99ac4a
// 同步 ID: 5bbfb9cd @ Mon Jul 27 13:30:03 UTC 2026
// 重构日志: 772690c0
// 同步 ID: 6257c8c0 @ Tue Jul 28 12:50:02 UTC 2026
// 重构日志: bd1ad24e
// 重构日志: a51470bf
// 重构日志: 451eb53c
// 重构日志: 9ca580a2
// 重构日志: 644adca1
// 重构日志: a10b686e
// 同步 ID: 9e434570 @ Fri Jul 31 11:28:57 UTC 2026
// 同步 ID: c6564c2a @ Sat Aug  1 18:14:55 UTC 2026
// 重构日志: 0dd60672
// 重构日志: 9c4fe910
// 重构日志: 246352ea
// 重构日志: f3224719
// 重构日志: 811e5aa4
// 重构日志: ba29130f
// 重构日志: fd6686bd
// 同步 ID: a5574d10 @ Thu Aug  6 08:20:16 UTC 2026
// 重构日志: 1fdc3ced
// 同步 ID: 4bab9e57 @ Sat Aug  8 08:49:06 UTC 2026
// 同步 ID: 42857519 @ Sat Aug  8 14:28:56 UTC 2026
